Performing C SOURCE FILE Test CMAKE_HAVE_LIBC_PTHREAD failed with the following output:
Change Dir: /home/wsl2/myGeant4/LightCollect/build/CMakeFiles/CMakeTmp

Run Build Command(s):/usr/bin/make cmTC_4c401/fast && /usr/bin/make -f CMakeFiles/cmTC_4c401.dir/build.make CMakeFiles/cmTC_4c401.dir/build
make[1]: Entering directory '/home/wsl2/myGeant4/LightCollect/build/CMakeFiles/CMakeTmp'
Building C object CMakeFiles/cmTC_4c401.dir/src.c.o
/usr/bin/cc   -DCMAKE_HAVE_LIBC_PTHREAD   -o CMakeFiles/cmTC_4c401.dir/src.c.o   -c /home/wsl2/myGeant4/LightCollect/build/CMakeFiles/CMakeTmp/src.c
Linking C executable cmTC_4c401
/usr/bin/cmake -E cmake_link_script CMakeFiles/cmTC_4c401.dir/link.txt --verbose=1
/usr/bin/cc  -DCMAKE_HAVE_LIBC_PTHREAD    CMakeFiles/cmTC_4c401.dir/src.c.o  -o cmTC_4c401 
/usr/bin/ld: CMakeFiles/cmTC_4c401.dir/src.c.o: in function `main':
src.c:(.text+0x46): undefined reference to `pthread_create'
/usr/bin/ld: src.c:(.text+0x52): undefined reference to `pthread_detach'
/usr/bin/ld: src.c:(.text+0x63): undefined reference to `pthread_join'
collect2: error: ld returned 1 exit status
make[1]: *** [CMakeFiles/cmTC_4c401.dir/build.make:87: cmTC_4c401] Error 1
make[1]: Leaving directory '/home/wsl2/myGeant4/LightCollect/build/CMakeFiles/CMakeTmp'
make: *** [Makefile:121: cmTC_4c401/fast] Error 2


Source file was:
#include <pthread.h>

void* test_func(void* data)
{
  return data;
}

int main(void)
{
  pthread_t thread;
  pthread_create(&thread, NULL, test_func, NULL);
  pthread_detach(thread);
  pthread_join(thread, NULL);
  pthread_atfork(NULL, NULL, NULL);
  pthread_exit(NULL);

  return 0;
}

Performing C SOURCE FILE Test CMAKE_HAVE_LIBC_PTHREAD failed with the following output:
Change Dir: /home/wsl2/myGeant4/LightCollect/build/CMakeFiles/CMakeTmp

Run Build Command(s):/usr/bin/make cmTC_0c343/fast && /usr/bin/make -f CMakeFiles/cmTC_0c343.dir/build.make CMakeFiles/cmTC_0c343.dir/build
make[1]: Entering directory '/home/wsl2/myGeant4/LightCollect/build/CMakeFiles/CMakeTmp'
Building C object CMakeFiles/cmTC_0c343.dir/src.c.o
/usr/bin/cc   -DCMAKE_HAVE_LIBC_PTHREAD   -o CMakeFiles/cmTC_0c343.dir/src.c.o   -c /home/wsl2/myGeant4/LightCollect/build/CMakeFiles/CMakeTmp/src.c
Linking C executable cmTC_0c343
/usr/bin/cmake -E cmake_link_script CMakeFiles/cmTC_0c343.dir/link.txt --verbose=1
/usr/bin/cc  -DCMAKE_HAVE_LIBC_PTHREAD    CMakeFiles/cmTC_0c343.dir/src.c.o  -o cmTC_0c343 
/usr/bin/ld: CMakeFiles/cmTC_0c343.dir/src.c.o: in function `main':
src.c:(.text+0x46): undefined reference to `pthread_create'
/usr/bin/ld: src.c:(.text+0x52): undefined reference to `pthread_detach'
/usr/bin/ld: src.c:(.text+0x63): undefined reference to `pthread_join'
collect2: error: ld returned 1 exit status
make[1]: *** [CMakeFiles/cmTC_0c343.dir/build.make:87: cmTC_0c343] Error 1
make[1]: Leaving directory '/home/wsl2/myGeant4/LightCollect/build/CMakeFiles/CMakeTmp'
make: *** [Makefile:121: cmTC_0c343/fast] Error 2


Source file was:
#include <pthread.h>

void* test_func(void* data)
{
  return data;
}

int main(void)
{
  pthread_t thread;
  pthread_create(&thread, NULL, test_func, NULL);
  pthread_detach(thread);
  pthread_join(thread, NULL);
  pthread_atfork(NULL, NULL, NULL);
  pthread_exit(NULL);

  return 0;
}

Performing C SOURCE FILE Test CMAKE_HAVE_LIBC_PTHREAD failed with the following output:
Change Dir: /home/wsl2/myGeant4/LightCollect/build/CMakeFiles/CMakeTmp

Run Build Command(s):/usr/bin/make cmTC_a26a9/fast && /usr/bin/make -f CMakeFiles/cmTC_a26a9.dir/build.make CMakeFiles/cmTC_a26a9.dir/build
make[1]: Entering directory '/home/wsl2/myGeant4/LightCollect/build/CMakeFiles/CMakeTmp'
Building C object CMakeFiles/cmTC_a26a9.dir/src.c.o
/usr/bin/cc   -DCMAKE_HAVE_LIBC_PTHREAD   -o CMakeFiles/cmTC_a26a9.dir/src.c.o   -c /home/wsl2/myGeant4/LightCollect/build/CMakeFiles/CMakeTmp/src.c
Linking C executable cmTC_a26a9
/usr/bin/cmake -E cmake_link_script CMakeFiles/cmTC_a26a9.dir/link.txt --verbose=1
/usr/bin/cc  -DCMAKE_HAVE_LIBC_PTHREAD    CMakeFiles/cmTC_a26a9.dir/src.c.o  -o cmTC_a26a9 
/usr/bin/ld: CMakeFiles/cmTC_a26a9.dir/src.c.o: in function `main':
src.c:(.text+0x46): undefined reference to `pthread_create'
/usr/bin/ld: src.c:(.text+0x52): undefined reference to `pthread_detach'
/usr/bin/ld: src.c:(.text+0x63): undefined reference to `pthread_join'
collect2: error: ld returned 1 exit status
make[1]: *** [CMakeFiles/cmTC_a26a9.dir/build.make:87: cmTC_a26a9] Error 1
make[1]: Leaving directory '/home/wsl2/myGeant4/LightCollect/build/CMakeFiles/CMakeTmp'
make: *** [Makefile:121: cmTC_a26a9/fast] Error 2


Source file was:
#include <pthread.h>

void* test_func(void* data)
{
  return data;
}

int main(void)
{
  pthread_t thread;
  pthread_create(&thread, NULL, test_func, NULL);
  pthread_detach(thread);
  pthread_join(thread, NULL);
  pthread_atfork(NULL, NULL, NULL);
  pthread_exit(NULL);

  return 0;
}

Performing C SOURCE FILE Test CMAKE_HAVE_LIBC_PTHREAD failed with the following output:
Change Dir: /home/wsl2/myGeant4/LightCollect/build/CMakeFiles/CMakeTmp

Run Build Command(s):/usr/bin/make cmTC_4c09a/fast && /usr/bin/make -f CMakeFiles/cmTC_4c09a.dir/build.make CMakeFiles/cmTC_4c09a.dir/build
make[1]: Entering directory '/home/wsl2/myGeant4/LightCollect/build/CMakeFiles/CMakeTmp'
Building C object CMakeFiles/cmTC_4c09a.dir/src.c.o
/usr/bin/cc   -DCMAKE_HAVE_LIBC_PTHREAD   -o CMakeFiles/cmTC_4c09a.dir/src.c.o   -c /home/wsl2/myGeant4/LightCollect/build/CMakeFiles/CMakeTmp/src.c
Linking C executable cmTC_4c09a
/usr/bin/cmake -E cmake_link_script CMakeFiles/cmTC_4c09a.dir/link.txt --verbose=1
/usr/bin/cc  -DCMAKE_HAVE_LIBC_PTHREAD    CMakeFiles/cmTC_4c09a.dir/src.c.o  -o cmTC_4c09a 
/usr/bin/ld: CMakeFiles/cmTC_4c09a.dir/src.c.o: in function `main':
src.c:(.text+0x46): undefined reference to `pthread_create'
/usr/bin/ld: src.c:(.text+0x52): undefined reference to `pthread_detach'
/usr/bin/ld: src.c:(.text+0x63): undefined reference to `pthread_join'
collect2: error: ld returned 1 exit status
make[1]: *** [CMakeFiles/cmTC_4c09a.dir/build.make:87: cmTC_4c09a] Error 1
make[1]: Leaving directory '/home/wsl2/myGeant4/LightCollect/build/CMakeFiles/CMakeTmp'
make: *** [Makefile:121: cmTC_4c09a/fast] Error 2


Source file was:
#include <pthread.h>

void* test_func(void* data)
{
  return data;
}

int main(void)
{
  pthread_t thread;
  pthread_create(&thread, NULL, test_func, NULL);
  pthread_detach(thread);
  pthread_join(thread, NULL);
  pthread_atfork(NULL, NULL, NULL);
  pthread_exit(NULL);

  return 0;
}

Performing C SOURCE FILE Test CMAKE_HAVE_LIBC_PTHREAD failed with the following output:
Change Dir: /home/wsl2/myGeant4/LightCollect/build/CMakeFiles/CMakeTmp

Run Build Command(s):/usr/bin/make cmTC_9bb76/fast && /usr/bin/make -f CMakeFiles/cmTC_9bb76.dir/build.make CMakeFiles/cmTC_9bb76.dir/build
make[1]: Entering directory '/home/wsl2/myGeant4/LightCollect/build/CMakeFiles/CMakeTmp'
Building C object CMakeFiles/cmTC_9bb76.dir/src.c.o
/usr/bin/cc   -DCMAKE_HAVE_LIBC_PTHREAD   -o CMakeFiles/cmTC_9bb76.dir/src.c.o   -c /home/wsl2/myGeant4/LightCollect/build/CMakeFiles/CMakeTmp/src.c
Linking C executable cmTC_9bb76
/usr/bin/cmake -E cmake_link_script CMakeFiles/cmTC_9bb76.dir/link.txt --verbose=1
/usr/bin/cc  -DCMAKE_HAVE_LIBC_PTHREAD    CMakeFiles/cmTC_9bb76.dir/src.c.o  -o cmTC_9bb76 
/usr/bin/ld: CMakeFiles/cmTC_9bb76.dir/src.c.o: in function `main':
src.c:(.text+0x46): undefined reference to `pthread_create'
/usr/bin/ld: src.c:(.text+0x52): undefined reference to `pthread_detach'
/usr/bin/ld: src.c:(.text+0x63): undefined reference to `pthread_join'
collect2: error: ld returned 1 exit status
make[1]: *** [CMakeFiles/cmTC_9bb76.dir/build.make:87: cmTC_9bb76] Error 1
make[1]: Leaving directory '/home/wsl2/myGeant4/LightCollect/build/CMakeFiles/CMakeTmp'
make: *** [Makefile:121: cmTC_9bb76/fast] Error 2


Source file was:
#include <pthread.h>

void* test_func(void* data)
{
  return data;
}

int main(void)
{
  pthread_t thread;
  pthread_create(&thread, NULL, test_func, NULL);
  pthread_detach(thread);
  pthread_join(thread, NULL);
  pthread_atfork(NULL, NULL, NULL);
  pthread_exit(NULL);

  return 0;
}

Performing C SOURCE FILE Test CMAKE_HAVE_LIBC_PTHREAD failed with the following output:
Change Dir: /home/wsl2/myGeant4/LightCollect/build/CMakeFiles/CMakeTmp

Run Build Command(s):/usr/bin/make cmTC_c4a85/fast && /usr/bin/make -f CMakeFiles/cmTC_c4a85.dir/build.make CMakeFiles/cmTC_c4a85.dir/build
make[1]: Entering directory '/home/wsl2/myGeant4/LightCollect/build/CMakeFiles/CMakeTmp'
Building C object CMakeFiles/cmTC_c4a85.dir/src.c.o
/usr/bin/cc   -DCMAKE_HAVE_LIBC_PTHREAD   -o CMakeFiles/cmTC_c4a85.dir/src.c.o   -c /home/wsl2/myGeant4/LightCollect/build/CMakeFiles/CMakeTmp/src.c
Linking C executable cmTC_c4a85
/usr/bin/cmake -E cmake_link_script CMakeFiles/cmTC_c4a85.dir/link.txt --verbose=1
/usr/bin/cc  -DCMAKE_HAVE_LIBC_PTHREAD    CMakeFiles/cmTC_c4a85.dir/src.c.o  -o cmTC_c4a85 
/usr/bin/ld: CMakeFiles/cmTC_c4a85.dir/src.c.o: in function `main':
src.c:(.text+0x46): undefined reference to `pthread_create'
/usr/bin/ld: src.c:(.text+0x52): undefined reference to `pthread_detach'
/usr/bin/ld: src.c:(.text+0x63): undefined reference to `pthread_join'
collect2: error: ld returned 1 exit status
make[1]: *** [CMakeFiles/cmTC_c4a85.dir/build.make:87: cmTC_c4a85] Error 1
make[1]: Leaving directory '/home/wsl2/myGeant4/LightCollect/build/CMakeFiles/CMakeTmp'
make: *** [Makefile:121: cmTC_c4a85/fast] Error 2


Source file was:
#include <pthread.h>

void* test_func(void* data)
{
  return data;
}

int main(void)
{
  pthread_t thread;
  pthread_create(&thread, NULL, test_func, NULL);
  pthread_detach(thread);
  pthread_join(thread, NULL);
  pthread_atfork(NULL, NULL, NULL);
  pthread_exit(NULL);

  return 0;
}

Performing C SOURCE FILE Test CMAKE_HAVE_LIBC_PTHREAD failed with the following output:
Change Dir: /home/wsl2/myGeant4/LightCollect/build/CMakeFiles/CMakeTmp

Run Build Command(s):/usr/bin/make cmTC_78ce6/fast && /usr/bin/make -f CMakeFiles/cmTC_78ce6.dir/build.make CMakeFiles/cmTC_78ce6.dir/build
make[1]: Entering directory '/home/wsl2/myGeant4/LightCollect/build/CMakeFiles/CMakeTmp'
Building C object CMakeFiles/cmTC_78ce6.dir/src.c.o
/usr/bin/cc   -DCMAKE_HAVE_LIBC_PTHREAD   -o CMakeFiles/cmTC_78ce6.dir/src.c.o   -c /home/wsl2/myGeant4/LightCollect/build/CMakeFiles/CMakeTmp/src.c
Linking C executable cmTC_78ce6
/usr/bin/cmake -E cmake_link_script CMakeFiles/cmTC_78ce6.dir/link.txt --verbose=1
/usr/bin/cc  -DCMAKE_HAVE_LIBC_PTHREAD    CMakeFiles/cmTC_78ce6.dir/src.c.o  -o cmTC_78ce6 
/usr/bin/ld: CMakeFiles/cmTC_78ce6.dir/src.c.o: in function `main':
src.c:(.text+0x46): undefined reference to `pthread_create'
/usr/bin/ld: src.c:(.text+0x52): undefined reference to `pthread_detach'
/usr/bin/ld: src.c:(.text+0x63): undefined reference to `pthread_join'
collect2: error: ld returned 1 exit status
make[1]: *** [CMakeFiles/cmTC_78ce6.dir/build.make:87: cmTC_78ce6] Error 1
make[1]: Leaving directory '/home/wsl2/myGeant4/LightCollect/build/CMakeFiles/CMakeTmp'
make: *** [Makefile:121: cmTC_78ce6/fast] Error 2


Source file was:
#include <pthread.h>

void* test_func(void* data)
{
  return data;
}

int main(void)
{
  pthread_t thread;
  pthread_create(&thread, NULL, test_func, NULL);
  pthread_detach(thread);
  pthread_join(thread, NULL);
  pthread_atfork(NULL, NULL, NULL);
  pthread_exit(NULL);

  return 0;
}

Performing C SOURCE FILE Test CMAKE_HAVE_LIBC_PTHREAD failed with the following output:
Change Dir: /home/wsl2/myGeant4/LightCollect/build/CMakeFiles/CMakeTmp

Run Build Command(s):/usr/bin/make cmTC_33ca5/fast && /usr/bin/make -f CMakeFiles/cmTC_33ca5.dir/build.make CMakeFiles/cmTC_33ca5.dir/build
make[1]: Entering directory '/home/wsl2/myGeant4/LightCollect/build/CMakeFiles/CMakeTmp'
Building C object CMakeFiles/cmTC_33ca5.dir/src.c.o
/usr/bin/cc   -DCMAKE_HAVE_LIBC_PTHREAD   -o CMakeFiles/cmTC_33ca5.dir/src.c.o   -c /home/wsl2/myGeant4/LightCollect/build/CMakeFiles/CMakeTmp/src.c
Linking C executable cmTC_33ca5
/usr/bin/cmake -E cmake_link_script CMakeFiles/cmTC_33ca5.dir/link.txt --verbose=1
/usr/bin/cc  -DCMAKE_HAVE_LIBC_PTHREAD    CMakeFiles/cmTC_33ca5.dir/src.c.o  -o cmTC_33ca5 
/usr/bin/ld: CMakeFiles/cmTC_33ca5.dir/src.c.o: in function `main':
src.c:(.text+0x46): undefined reference to `pthread_create'
/usr/bin/ld: src.c:(.text+0x52): undefined reference to `pthread_detach'
/usr/bin/ld: src.c:(.text+0x63): undefined reference to `pthread_join'
collect2: error: ld returned 1 exit status
make[1]: *** [CMakeFiles/cmTC_33ca5.dir/build.make:87: cmTC_33ca5] Error 1
make[1]: Leaving directory '/home/wsl2/myGeant4/LightCollect/build/CMakeFiles/CMakeTmp'
make: *** [Makefile:121: cmTC_33ca5/fast] Error 2


Source file was:
#include <pthread.h>

void* test_func(void* data)
{
  return data;
}

int main(void)
{
  pthread_t thread;
  pthread_create(&thread, NULL, test_func, NULL);
  pthread_detach(thread);
  pthread_join(thread, NULL);
  pthread_atfork(NULL, NULL, NULL);
  pthread_exit(NULL);

  return 0;
}

Performing C SOURCE FILE Test CMAKE_HAVE_LIBC_PTHREAD failed with the following output:
Change Dir: /home/wsl2/myGeant4/LightCollect/build/CMakeFiles/CMakeTmp

Run Build Command(s):/usr/bin/make cmTC_ded25/fast && /usr/bin/make -f CMakeFiles/cmTC_ded25.dir/build.make CMakeFiles/cmTC_ded25.dir/build
make[1]: Entering directory '/home/wsl2/myGeant4/LightCollect/build/CMakeFiles/CMakeTmp'
Building C object CMakeFiles/cmTC_ded25.dir/src.c.o
/usr/bin/cc   -DCMAKE_HAVE_LIBC_PTHREAD   -o CMakeFiles/cmTC_ded25.dir/src.c.o   -c /home/wsl2/myGeant4/LightCollect/build/CMakeFiles/CMakeTmp/src.c
Linking C executable cmTC_ded25
/usr/bin/cmake -E cmake_link_script CMakeFiles/cmTC_ded25.dir/link.txt --verbose=1
/usr/bin/cc  -DCMAKE_HAVE_LIBC_PTHREAD    CMakeFiles/cmTC_ded25.dir/src.c.o  -o cmTC_ded25 
/usr/bin/ld: CMakeFiles/cmTC_ded25.dir/src.c.o: in function `main':
src.c:(.text+0x46): undefined reference to `pthread_create'
/usr/bin/ld: src.c:(.text+0x52): undefined reference to `pthread_detach'
/usr/bin/ld: src.c:(.text+0x63): undefined reference to `pthread_join'
collect2: error: ld returned 1 exit status
make[1]: *** [CMakeFiles/cmTC_ded25.dir/build.make:87: cmTC_ded25] Error 1
make[1]: Leaving directory '/home/wsl2/myGeant4/LightCollect/build/CMakeFiles/CMakeTmp'
make: *** [Makefile:121: cmTC_ded25/fast] Error 2


Source file was:
#include <pthread.h>

void* test_func(void* data)
{
  return data;
}

int main(void)
{
  pthread_t thread;
  pthread_create(&thread, NULL, test_func, NULL);
  pthread_detach(thread);
  pthread_join(thread, NULL);
  pthread_atfork(NULL, NULL, NULL);
  pthread_exit(NULL);

  return 0;
}

Performing C SOURCE FILE Test CMAKE_HAVE_LIBC_PTHREAD failed with the following output:
Change Dir: /home/wsl2/myGeant4/LightCollect/build/CMakeFiles/CMakeTmp

Run Build Command(s):/usr/bin/make cmTC_4c5b3/fast && /usr/bin/make -f CMakeFiles/cmTC_4c5b3.dir/build.make CMakeFiles/cmTC_4c5b3.dir/build
make[1]: Entering directory '/home/wsl2/myGeant4/LightCollect/build/CMakeFiles/CMakeTmp'
Building C object CMakeFiles/cmTC_4c5b3.dir/src.c.o
/usr/bin/cc   -DCMAKE_HAVE_LIBC_PTHREAD   -o CMakeFiles/cmTC_4c5b3.dir/src.c.o   -c /home/wsl2/myGeant4/LightCollect/build/CMakeFiles/CMakeTmp/src.c
Linking C executable cmTC_4c5b3
/usr/bin/cmake -E cmake_link_script CMakeFiles/cmTC_4c5b3.dir/link.txt --verbose=1
/usr/bin/cc  -DCMAKE_HAVE_LIBC_PTHREAD    CMakeFiles/cmTC_4c5b3.dir/src.c.o  -o cmTC_4c5b3 
/usr/bin/ld: CMakeFiles/cmTC_4c5b3.dir/src.c.o: in function `main':
src.c:(.text+0x46): undefined reference to `pthread_create'
/usr/bin/ld: src.c:(.text+0x52): undefined reference to `pthread_detach'
/usr/bin/ld: src.c:(.text+0x63): undefined reference to `pthread_join'
collect2: error: ld returned 1 exit status
make[1]: *** [CMakeFiles/cmTC_4c5b3.dir/build.make:87: cmTC_4c5b3] Error 1
make[1]: Leaving directory '/home/wsl2/myGeant4/LightCollect/build/CMakeFiles/CMakeTmp'
make: *** [Makefile:121: cmTC_4c5b3/fast] Error 2


Source file was:
#include <pthread.h>

void* test_func(void* data)
{
  return data;
}

int main(void)
{
  pthread_t thread;
  pthread_create(&thread, NULL, test_func, NULL);
  pthread_detach(thread);
  pthread_join(thread, NULL);
  pthread_atfork(NULL, NULL, NULL);
  pthread_exit(NULL);

  return 0;
}

Performing C SOURCE FILE Test CMAKE_HAVE_LIBC_PTHREAD failed with the following output:
Change Dir: /home/wsl2/myGeant4/LightCollect/build/CMakeFiles/CMakeTmp

Run Build Command(s):/usr/bin/make cmTC_a339e/fast && /usr/bin/make -f CMakeFiles/cmTC_a339e.dir/build.make CMakeFiles/cmTC_a339e.dir/build
make[1]: Entering directory '/home/wsl2/myGeant4/LightCollect/build/CMakeFiles/CMakeTmp'
Building C object CMakeFiles/cmTC_a339e.dir/src.c.o
/usr/bin/cc   -DCMAKE_HAVE_LIBC_PTHREAD   -o CMakeFiles/cmTC_a339e.dir/src.c.o   -c /home/wsl2/myGeant4/LightCollect/build/CMakeFiles/CMakeTmp/src.c
Linking C executable cmTC_a339e
/usr/bin/cmake -E cmake_link_script CMakeFiles/cmTC_a339e.dir/link.txt --verbose=1
/usr/bin/cc  -DCMAKE_HAVE_LIBC_PTHREAD    CMakeFiles/cmTC_a339e.dir/src.c.o  -o cmTC_a339e 
/usr/bin/ld: CMakeFiles/cmTC_a339e.dir/src.c.o: in function `main':
src.c:(.text+0x46): undefined reference to `pthread_create'
/usr/bin/ld: src.c:(.text+0x52): undefined reference to `pthread_detach'
/usr/bin/ld: src.c:(.text+0x63): undefined reference to `pthread_join'
collect2: error: ld returned 1 exit status
make[1]: *** [CMakeFiles/cmTC_a339e.dir/build.make:87: cmTC_a339e] Error 1
make[1]: Leaving directory '/home/wsl2/myGeant4/LightCollect/build/CMakeFiles/CMakeTmp'
make: *** [Makefile:121: cmTC_a339e/fast] Error 2


Source file was:
#include <pthread.h>

void* test_func(void* data)
{
  return data;
}

int main(void)
{
  pthread_t thread;
  pthread_create(&thread, NULL, test_func, NULL);
  pthread_detach(thread);
  pthread_join(thread, NULL);
  pthread_atfork(NULL, NULL, NULL);
  pthread_exit(NULL);

  return 0;
}

Performing C SOURCE FILE Test CMAKE_HAVE_LIBC_PTHREAD failed with the following output:
Change Dir: /home/wsl2/myGeant4/LightCollect/build/CMakeFiles/CMakeTmp

Run Build Command(s):/usr/bin/make cmTC_08d01/fast && /usr/bin/make -f CMakeFiles/cmTC_08d01.dir/build.make CMakeFiles/cmTC_08d01.dir/build
make[1]: Entering directory '/home/wsl2/myGeant4/LightCollect/build/CMakeFiles/CMakeTmp'
Building C object CMakeFiles/cmTC_08d01.dir/src.c.o
/usr/bin/cc   -DCMAKE_HAVE_LIBC_PTHREAD   -o CMakeFiles/cmTC_08d01.dir/src.c.o   -c /home/wsl2/myGeant4/LightCollect/build/CMakeFiles/CMakeTmp/src.c
Linking C executable cmTC_08d01
/usr/bin/cmake -E cmake_link_script CMakeFiles/cmTC_08d01.dir/link.txt --verbose=1
/usr/bin/cc  -DCMAKE_HAVE_LIBC_PTHREAD    CMakeFiles/cmTC_08d01.dir/src.c.o  -o cmTC_08d01 
/usr/bin/ld: CMakeFiles/cmTC_08d01.dir/src.c.o: in function `main':
src.c:(.text+0x46): undefined reference to `pthread_create'
/usr/bin/ld: src.c:(.text+0x52): undefined reference to `pthread_detach'
/usr/bin/ld: src.c:(.text+0x63): undefined reference to `pthread_join'
collect2: error: ld returned 1 exit status
make[1]: *** [CMakeFiles/cmTC_08d01.dir/build.make:87: cmTC_08d01] Error 1
make[1]: Leaving directory '/home/wsl2/myGeant4/LightCollect/build/CMakeFiles/CMakeTmp'
make: *** [Makefile:121: cmTC_08d01/fast] Error 2


Source file was:
#include <pthread.h>

void* test_func(void* data)
{
  return data;
}

int main(void)
{
  pthread_t thread;
  pthread_create(&thread, NULL, test_func, NULL);
  pthread_detach(thread);
  pthread_join(thread, NULL);
  pthread_atfork(NULL, NULL, NULL);
  pthread_exit(NULL);

  return 0;
}

Performing C SOURCE FILE Test CMAKE_HAVE_LIBC_PTHREAD failed with the following output:
Change Dir: /home/wsl2/myGeant4/LightCollect/build/CMakeFiles/CMakeTmp

Run Build Command(s):/usr/bin/make cmTC_aa4fd/fast && /usr/bin/make -f CMakeFiles/cmTC_aa4fd.dir/build.make CMakeFiles/cmTC_aa4fd.dir/build
make[1]: Entering directory '/home/wsl2/myGeant4/LightCollect/build/CMakeFiles/CMakeTmp'
Building C object CMakeFiles/cmTC_aa4fd.dir/src.c.o
/usr/bin/cc   -DCMAKE_HAVE_LIBC_PTHREAD   -o CMakeFiles/cmTC_aa4fd.dir/src.c.o   -c /home/wsl2/myGeant4/LightCollect/build/CMakeFiles/CMakeTmp/src.c
Linking C executable cmTC_aa4fd
/usr/bin/cmake -E cmake_link_script CMakeFiles/cmTC_aa4fd.dir/link.txt --verbose=1
/usr/bin/cc  -DCMAKE_HAVE_LIBC_PTHREAD    CMakeFiles/cmTC_aa4fd.dir/src.c.o  -o cmTC_aa4fd 
/usr/bin/ld: CMakeFiles/cmTC_aa4fd.dir/src.c.o: in function `main':
src.c:(.text+0x46): undefined reference to `pthread_create'
/usr/bin/ld: src.c:(.text+0x52): undefined reference to `pthread_detach'
/usr/bin/ld: src.c:(.text+0x63): undefined reference to `pthread_join'
collect2: error: ld returned 1 exit status
make[1]: *** [CMakeFiles/cmTC_aa4fd.dir/build.make:87: cmTC_aa4fd] Error 1
make[1]: Leaving directory '/home/wsl2/myGeant4/LightCollect/build/CMakeFiles/CMakeTmp'
make: *** [Makefile:121: cmTC_aa4fd/fast] Error 2


Source file was:
#include <pthread.h>

void* test_func(void* data)
{
  return data;
}

int main(void)
{
  pthread_t thread;
  pthread_create(&thread, NULL, test_func, NULL);
  pthread_detach(thread);
  pthread_join(thread, NULL);
  pthread_atfork(NULL, NULL, NULL);
  pthread_exit(NULL);

  return 0;
}

Performing C SOURCE FILE Test CMAKE_HAVE_LIBC_PTHREAD failed with the following output:
Change Dir: /home/wsl2/myGeant4/LightCollect/build/CMakeFiles/CMakeTmp

Run Build Command(s):/usr/bin/make cmTC_daf0e/fast && /usr/bin/make -f CMakeFiles/cmTC_daf0e.dir/build.make CMakeFiles/cmTC_daf0e.dir/build
make[1]: Entering directory '/home/wsl2/myGeant4/LightCollect/build/CMakeFiles/CMakeTmp'
Building C object CMakeFiles/cmTC_daf0e.dir/src.c.o
/usr/bin/cc   -DCMAKE_HAVE_LIBC_PTHREAD   -o CMakeFiles/cmTC_daf0e.dir/src.c.o   -c /home/wsl2/myGeant4/LightCollect/build/CMakeFiles/CMakeTmp/src.c
Linking C executable cmTC_daf0e
/usr/bin/cmake -E cmake_link_script CMakeFiles/cmTC_daf0e.dir/link.txt --verbose=1
/usr/bin/cc  -DCMAKE_HAVE_LIBC_PTHREAD    CMakeFiles/cmTC_daf0e.dir/src.c.o  -o cmTC_daf0e 
/usr/bin/ld: CMakeFiles/cmTC_daf0e.dir/src.c.o: in function `main':
src.c:(.text+0x46): undefined reference to `pthread_create'
/usr/bin/ld: src.c:(.text+0x52): undefined reference to `pthread_detach'
/usr/bin/ld: src.c:(.text+0x63): undefined reference to `pthread_join'
collect2: error: ld returned 1 exit status
make[1]: *** [CMakeFiles/cmTC_daf0e.dir/build.make:87: cmTC_daf0e] Error 1
make[1]: Leaving directory '/home/wsl2/myGeant4/LightCollect/build/CMakeFiles/CMakeTmp'
make: *** [Makefile:121: cmTC_daf0e/fast] Error 2


Source file was:
#include <pthread.h>

void* test_func(void* data)
{
  return data;
}

int main(void)
{
  pthread_t thread;
  pthread_create(&thread, NULL, test_func, NULL);
  pthread_detach(thread);
  pthread_join(thread, NULL);
  pthread_atfork(NULL, NULL, NULL);
  pthread_exit(NULL);

  return 0;
}

Performing C SOURCE FILE Test CMAKE_HAVE_LIBC_PTHREAD failed with the following output:
Change Dir: /home/wsl2/myGeant4/LightCollect/build/CMakeFiles/CMakeTmp

Run Build Command(s):/usr/bin/make cmTC_32f2a/fast && /usr/bin/make -f CMakeFiles/cmTC_32f2a.dir/build.make CMakeFiles/cmTC_32f2a.dir/build
make[1]: Entering directory '/home/wsl2/myGeant4/LightCollect/build/CMakeFiles/CMakeTmp'
Building C object CMakeFiles/cmTC_32f2a.dir/src.c.o
/usr/bin/cc   -DCMAKE_HAVE_LIBC_PTHREAD   -o CMakeFiles/cmTC_32f2a.dir/src.c.o   -c /home/wsl2/myGeant4/LightCollect/build/CMakeFiles/CMakeTmp/src.c
Linking C executable cmTC_32f2a
/usr/bin/cmake -E cmake_link_script CMakeFiles/cmTC_32f2a.dir/link.txt --verbose=1
/usr/bin/cc  -DCMAKE_HAVE_LIBC_PTHREAD    CMakeFiles/cmTC_32f2a.dir/src.c.o  -o cmTC_32f2a 
/usr/bin/ld: CMakeFiles/cmTC_32f2a.dir/src.c.o: in function `main':
src.c:(.text+0x46): undefined reference to `pthread_create'
/usr/bin/ld: src.c:(.text+0x52): undefined reference to `pthread_detach'
/usr/bin/ld: src.c:(.text+0x63): undefined reference to `pthread_join'
collect2: error: ld returned 1 exit status
make[1]: *** [CMakeFiles/cmTC_32f2a.dir/build.make:87: cmTC_32f2a] Error 1
make[1]: Leaving directory '/home/wsl2/myGeant4/LightCollect/build/CMakeFiles/CMakeTmp'
make: *** [Makefile:121: cmTC_32f2a/fast] Error 2


Source file was:
#include <pthread.h>

void* test_func(void* data)
{
  return data;
}

int main(void)
{
  pthread_t thread;
  pthread_create(&thread, NULL, test_func, NULL);
  pthread_detach(thread);
  pthread_join(thread, NULL);
  pthread_atfork(NULL, NULL, NULL);
  pthread_exit(NULL);

  return 0;
}

Performing C SOURCE FILE Test CMAKE_HAVE_LIBC_PTHREAD failed with the following output:
Change Dir: /home/wsl2/myGeant4/LightCollect/build/CMakeFiles/CMakeTmp

Run Build Command(s):/usr/bin/make cmTC_04c3e/fast && /usr/bin/make -f CMakeFiles/cmTC_04c3e.dir/build.make CMakeFiles/cmTC_04c3e.dir/build
make[1]: Entering directory '/home/wsl2/myGeant4/LightCollect/build/CMakeFiles/CMakeTmp'
Building C object CMakeFiles/cmTC_04c3e.dir/src.c.o
/usr/bin/cc   -DCMAKE_HAVE_LIBC_PTHREAD   -o CMakeFiles/cmTC_04c3e.dir/src.c.o   -c /home/wsl2/myGeant4/LightCollect/build/CMakeFiles/CMakeTmp/src.c
Linking C executable cmTC_04c3e
/usr/bin/cmake -E cmake_link_script CMakeFiles/cmTC_04c3e.dir/link.txt --verbose=1
/usr/bin/cc  -DCMAKE_HAVE_LIBC_PTHREAD    CMakeFiles/cmTC_04c3e.dir/src.c.o  -o cmTC_04c3e 
/usr/bin/ld: CMakeFiles/cmTC_04c3e.dir/src.c.o: in function `main':
src.c:(.text+0x46): undefined reference to `pthread_create'
/usr/bin/ld: src.c:(.text+0x52): undefined reference to `pthread_detach'
/usr/bin/ld: src.c:(.text+0x63): undefined reference to `pthread_join'
collect2: error: ld returned 1 exit status
make[1]: *** [CMakeFiles/cmTC_04c3e.dir/build.make:87: cmTC_04c3e] Error 1
make[1]: Leaving directory '/home/wsl2/myGeant4/LightCollect/build/CMakeFiles/CMakeTmp'
make: *** [Makefile:121: cmTC_04c3e/fast] Error 2


Source file was:
#include <pthread.h>

void* test_func(void* data)
{
  return data;
}

int main(void)
{
  pthread_t thread;
  pthread_create(&thread, NULL, test_func, NULL);
  pthread_detach(thread);
  pthread_join(thread, NULL);
  pthread_atfork(NULL, NULL, NULL);
  pthread_exit(NULL);

  return 0;
}

Performing C SOURCE FILE Test CMAKE_HAVE_LIBC_PTHREAD failed with the following output:
Change Dir: /home/wsl2/myGeant4/LightCollect/build/CMakeFiles/CMakeTmp

Run Build Command(s):/usr/bin/make cmTC_44a58/fast && /usr/bin/make -f CMakeFiles/cmTC_44a58.dir/build.make CMakeFiles/cmTC_44a58.dir/build
make[1]: Entering directory '/home/wsl2/myGeant4/LightCollect/build/CMakeFiles/CMakeTmp'
Building C object CMakeFiles/cmTC_44a58.dir/src.c.o
/usr/bin/cc   -DCMAKE_HAVE_LIBC_PTHREAD   -o CMakeFiles/cmTC_44a58.dir/src.c.o   -c /home/wsl2/myGeant4/LightCollect/build/CMakeFiles/CMakeTmp/src.c
Linking C executable cmTC_44a58
/usr/bin/cmake -E cmake_link_script CMakeFiles/cmTC_44a58.dir/link.txt --verbose=1
/usr/bin/cc  -DCMAKE_HAVE_LIBC_PTHREAD    CMakeFiles/cmTC_44a58.dir/src.c.o  -o cmTC_44a58 
/usr/bin/ld: CMakeFiles/cmTC_44a58.dir/src.c.o: in function `main':
src.c:(.text+0x46): undefined reference to `pthread_create'
/usr/bin/ld: src.c:(.text+0x52): undefined reference to `pthread_detach'
/usr/bin/ld: src.c:(.text+0x63): undefined reference to `pthread_join'
collect2: error: ld returned 1 exit status
make[1]: *** [CMakeFiles/cmTC_44a58.dir/build.make:87: cmTC_44a58] Error 1
make[1]: Leaving directory '/home/wsl2/myGeant4/LightCollect/build/CMakeFiles/CMakeTmp'
make: *** [Makefile:121: cmTC_44a58/fast] Error 2


Source file was:
#include <pthread.h>

void* test_func(void* data)
{
  return data;
}

int main(void)
{
  pthread_t thread;
  pthread_create(&thread, NULL, test_func, NULL);
  pthread_detach(thread);
  pthread_join(thread, NULL);
  pthread_atfork(NULL, NULL, NULL);
  pthread_exit(NULL);

  return 0;
}

Performing C SOURCE FILE Test CMAKE_HAVE_LIBC_PTHREAD failed with the following output:
Change Dir: /home/wsl2/myGeant4/LightCollect/build/CMakeFiles/CMakeTmp

Run Build Command(s):/usr/bin/make cmTC_f996a/fast && /usr/bin/make -f CMakeFiles/cmTC_f996a.dir/build.make CMakeFiles/cmTC_f996a.dir/build
make[1]: Entering directory '/home/wsl2/myGeant4/LightCollect/build/CMakeFiles/CMakeTmp'
Building C object CMakeFiles/cmTC_f996a.dir/src.c.o
/usr/bin/cc   -DCMAKE_HAVE_LIBC_PTHREAD   -o CMakeFiles/cmTC_f996a.dir/src.c.o   -c /home/wsl2/myGeant4/LightCollect/build/CMakeFiles/CMakeTmp/src.c
Linking C executable cmTC_f996a
/usr/bin/cmake -E cmake_link_script CMakeFiles/cmTC_f996a.dir/link.txt --verbose=1
/usr/bin/cc  -DCMAKE_HAVE_LIBC_PTHREAD    CMakeFiles/cmTC_f996a.dir/src.c.o  -o cmTC_f996a 
/usr/bin/ld: CMakeFiles/cmTC_f996a.dir/src.c.o: in function `main':
src.c:(.text+0x46): undefined reference to `pthread_create'
/usr/bin/ld: src.c:(.text+0x52): undefined reference to `pthread_detach'
/usr/bin/ld: src.c:(.text+0x63): undefined reference to `pthread_join'
collect2: error: ld returned 1 exit status
make[1]: *** [CMakeFiles/cmTC_f996a.dir/build.make:87: cmTC_f996a] Error 1
make[1]: Leaving directory '/home/wsl2/myGeant4/LightCollect/build/CMakeFiles/CMakeTmp'
make: *** [Makefile:121: cmTC_f996a/fast] Error 2


Source file was:
#include <pthread.h>

void* test_func(void* data)
{
  return data;
}

int main(void)
{
  pthread_t thread;
  pthread_create(&thread, NULL, test_func, NULL);
  pthread_detach(thread);
  pthread_join(thread, NULL);
  pthread_atfork(NULL, NULL, NULL);
  pthread_exit(NULL);

  return 0;
}

Performing C SOURCE FILE Test CMAKE_HAVE_LIBC_PTHREAD failed with the following output:
Change Dir: /home/wsl2/myGeant4/LightCollect/build/CMakeFiles/CMakeTmp

Run Build Command(s):/usr/bin/make cmTC_f2c8b/fast && /usr/bin/make -f CMakeFiles/cmTC_f2c8b.dir/build.make CMakeFiles/cmTC_f2c8b.dir/build
make[1]: Entering directory '/home/wsl2/myGeant4/LightCollect/build/CMakeFiles/CMakeTmp'
Building C object CMakeFiles/cmTC_f2c8b.dir/src.c.o
/usr/bin/cc   -DCMAKE_HAVE_LIBC_PTHREAD   -o CMakeFiles/cmTC_f2c8b.dir/src.c.o   -c /home/wsl2/myGeant4/LightCollect/build/CMakeFiles/CMakeTmp/src.c
Linking C executable cmTC_f2c8b
/usr/bin/cmake -E cmake_link_script CMakeFiles/cmTC_f2c8b.dir/link.txt --verbose=1
/usr/bin/cc  -DCMAKE_HAVE_LIBC_PTHREAD    CMakeFiles/cmTC_f2c8b.dir/src.c.o  -o cmTC_f2c8b 
/usr/bin/ld: CMakeFiles/cmTC_f2c8b.dir/src.c.o: in function `main':
src.c:(.text+0x46): undefined reference to `pthread_create'
/usr/bin/ld: src.c:(.text+0x52): undefined reference to `pthread_detach'
/usr/bin/ld: src.c:(.text+0x63): undefined reference to `pthread_join'
collect2: error: ld returned 1 exit status
make[1]: *** [CMakeFiles/cmTC_f2c8b.dir/build.make:87: cmTC_f2c8b] Error 1
make[1]: Leaving directory '/home/wsl2/myGeant4/LightCollect/build/CMakeFiles/CMakeTmp'
make: *** [Makefile:121: cmTC_f2c8b/fast] Error 2


Source file was:
#include <pthread.h>

void* test_func(void* data)
{
  return data;
}

int main(void)
{
  pthread_t thread;
  pthread_create(&thread, NULL, test_func, NULL);
  pthread_detach(thread);
  pthread_join(thread, NULL);
  pthread_atfork(NULL, NULL, NULL);
  pthread_exit(NULL);

  return 0;
}

Performing C SOURCE FILE Test CMAKE_HAVE_LIBC_PTHREAD failed with the following output:
Change Dir: /home/wsl2/myGeant4/LightCollect/build/CMakeFiles/CMakeTmp

Run Build Command(s):/usr/bin/make cmTC_af65f/fast && make[1]: Entering directory '/home/wsl2/myGeant4/LightCollect/build/CMakeFiles/CMakeTmp'
/usr/bin/make -f CMakeFiles/cmTC_af65f.dir/build.make CMakeFiles/cmTC_af65f.dir/build
make[2]: Entering directory '/home/wsl2/myGeant4/LightCollect/build/CMakeFiles/CMakeTmp'
Building C object CMakeFiles/cmTC_af65f.dir/src.c.o
/usr/bin/cc   -DCMAKE_HAVE_LIBC_PTHREAD   -o CMakeFiles/cmTC_af65f.dir/src.c.o   -c /home/wsl2/myGeant4/LightCollect/build/CMakeFiles/CMakeTmp/src.c
Linking C executable cmTC_af65f
/usr/bin/cmake -E cmake_link_script CMakeFiles/cmTC_af65f.dir/link.txt --verbose=1
/usr/bin/cc  -DCMAKE_HAVE_LIBC_PTHREAD    CMakeFiles/cmTC_af65f.dir/src.c.o  -o cmTC_af65f 
/usr/bin/ld: CMakeFiles/cmTC_af65f.dir/src.c.o: in function `main':
src.c:(.text+0x46): undefined reference to `pthread_create'
/usr/bin/ld: src.c:(.text+0x52): undefined reference to `pthread_detach'
/usr/bin/ld: src.c:(.text+0x63): undefined reference to `pthread_join'
collect2: error: ld returned 1 exit status
make[2]: *** [CMakeFiles/cmTC_af65f.dir/build.make:87: cmTC_af65f] Error 1
make[2]: Leaving directory '/home/wsl2/myGeant4/LightCollect/build/CMakeFiles/CMakeTmp'
make[1]: *** [Makefile:121: cmTC_af65f/fast] Error 2
make[1]: Leaving directory '/home/wsl2/myGeant4/LightCollect/build/CMakeFiles/CMakeTmp'


Source file was:
#include <pthread.h>

void* test_func(void* data)
{
  return data;
}

int main(void)
{
  pthread_t thread;
  pthread_create(&thread, NULL, test_func, NULL);
  pthread_detach(thread);
  pthread_join(thread, NULL);
  pthread_atfork(NULL, NULL, NULL);
  pthread_exit(NULL);

  return 0;
}

